current directory: /Users/mayukai/dev/project/yukai-ma.github.io/vendor/bundle/ruby/3.3.0/gems/stringio-3.1.7/ext/stringio
/Users/mayukai/.rbenv/versions/3.3.5/bin/ruby extconf.rb
checking for rb_io_mode_t in ruby/io.h... no
creating Makefile

current directory: /Users/mayukai/dev/project/yukai-ma.github.io/vendor/bundle/ruby/3.3.0/gems/stringio-3.1.7/ext/stringio
make DESTDIR\= sitearchdir\=./.gem.20260619-97110-mqoeo4 sitelibdir\=./.gem.20260619-97110-mqoeo4 clean

current directory: /Users/mayukai/dev/project/yukai-ma.github.io/vendor/bundle/ruby/3.3.0/gems/stringio-3.1.7/ext/stringio
make DESTDIR\= sitearchdir\=./.gem.20260619-97110-mqoeo4 sitelibdir\=./.gem.20260619-97110-mqoeo4
compiling stringio.c
In file included from stringio.c:20:
In file included from /Users/mayukai/.rbenv/versions/3.3.5/include/ruby-3.3.0/ruby.h:38:
In file included from /Users/mayukai/.rbenv/versions/3.3.5/include/ruby-3.3.0/ruby/ruby.h:28:
In file included from /Users/mayukai/.rbenv/versions/3.3.5/include/ruby-3.3.0/ruby/internal/arithmetic.h:24:
In file included from /Users/mayukai/.rbenv/versions/3.3.5/include/ruby-3.3.0/ruby/internal/arithmetic/char.h:29:
/Users/mayukai/.rbenv/versions/3.3.5/include/ruby-3.3.0/ruby/internal/core/rstring.h:398:24: warning: default initialization of an object of type 'struct RString' with const member leaves the object uninitialized [-Wdefault-const-init-field-unsafe]
  398 |         struct RString retval;
      |                        ^
/Users/mayukai/.rbenv/versions/3.3.5/include/ruby-3.3.0/ruby/internal/core/rbasic.h:88:17: note: member 'klass' declared 'const' here
   88 |     const VALUE klass;
      |                 ^
1 warning generated.
linking shared-object stringio.bundle

current directory: /Users/mayukai/dev/project/yukai-ma.github.io/vendor/bundle/ruby/3.3.0/gems/stringio-3.1.7/ext/stringio
make DESTDIR\= sitearchdir\=./.gem.20260619-97110-mqoeo4 sitelibdir\=./.gem.20260619-97110-mqoeo4 install
/usr/bin/install -c -m 0755 stringio.bundle ./.gem.20260619-97110-mqoeo4

current directory: /Users/mayukai/dev/project/yukai-ma.github.io/vendor/bundle/ruby/3.3.0/gems/stringio-3.1.7/ext/stringio
make DESTDIR\= sitearchdir\=./.gem.20260619-97110-mqoeo4 sitelibdir\=./.gem.20260619-97110-mqoeo4 clean
