have_type: checking for rb_io_mode_t in ruby/io.h... -------------------- no

DYLD_LIBRARY_PATH=.:/Users/mayukai/.rbenv/versions/3.3.5/lib "clang -o conftest -I/Users/mayukai/.rbenv/versions/3.3.5/include/ruby-3.3.0/arm64-darwin25 -I/Users/mayukai/.rbenv/versions/3.3.5/include/ruby-3.3.0/ruby/backward -I/Users/mayukai/.rbenv/versions/3.3.5/include/ruby-3.3.0 -I. -D_XOPEN_SOURCE -D_DARWIN_C_SOURCE -D_DARWIN_UNLIMITED_SELECT -D_REENTRANT   -fdeclspec -O3 -fno-fast-math -ggdb3 -Wall -Wextra -Wextra-tokens -Wdeprecated-declarations -Wdivision-by-zero -Wdiv-by-zero -Wimplicit-function-declaration -Wimplicit-int -Wpointer-arith -Wshorten-64-to-32 -Wwrite-strings -Wold-style-definition -Wmissing-noreturn -Wno-cast-function-type -Wno-constant-logical-operand -Wno-long-long -Wno-missing-field-initializers -Wno-overlength-strings -Wno-parentheses-equality -Wno-self-assign -Wno-tautological-compare -Wno-unused-parameter -Wno-unused-value -Wunused-variable -Wmisleading-indentation -Wundef -fno-common -pipe conftest.c  -L. -L/Users/mayukai/.rbenv/versions/3.3.5/lib -L. -fstack-protector-strong  -arch arm64   -lruby.3.3  -lpthread  "
In file included from conftest.c:1:
In file included from /Users/mayukai/.rbenv/versions/3.3.5/include/ruby-3.3.0/ruby.h:38:
In file included from /Users/mayukai/.rbenv/versions/3.3.5/include/ruby-3.3.0/ruby/ruby.h:28:
In file included from /Users/mayukai/.rbenv/versions/3.3.5/include/ruby-3.3.0/ruby/internal/arithmetic.h:24:
In file included from /Users/mayukai/.rbenv/versions/3.3.5/include/ruby-3.3.0/ruby/internal/arithmetic/char.h:29:
/Users/mayukai/.rbenv/versions/3.3.5/include/ruby-3.3.0/ruby/internal/core/rstring.h:398:24: warning: default initialization of an object of type 'struct RString' with const member leaves the object uninitialized [-Wdefault-const-init-field-unsafe]
  398 |         struct RString retval;
      |                        ^
/Users/mayukai/.rbenv/versions/3.3.5/include/ruby-3.3.0/ruby/internal/core/rbasic.h:88:17: note: member 'klass' declared 'const' here
   88 |     const VALUE klass;
      |                 ^
1 warning generated.
checked program was:
/* begin */
1: #include "ruby.h"
2: 
3: int main(int argc, char **argv)
4: {
5:   return !!argv[argc];
6: }
/* end */

DYLD_LIBRARY_PATH=.:/Users/mayukai/.rbenv/versions/3.3.5/lib "clang -I/Users/mayukai/.rbenv/versions/3.3.5/include/ruby-3.3.0/arm64-darwin25 -I/Users/mayukai/.rbenv/versions/3.3.5/include/ruby-3.3.0/ruby/backward -I/Users/mayukai/.rbenv/versions/3.3.5/include/ruby-3.3.0 -I. -D_XOPEN_SOURCE -D_DARWIN_C_SOURCE -D_DARWIN_UNLIMITED_SELECT -D_REENTRANT   -fdeclspec -O3 -fno-fast-math -ggdb3 -Wall -Wextra -Wextra-tokens -Wdeprecated-declarations -Wdivision-by-zero -Wdiv-by-zero -Wimplicit-function-declaration -Wimplicit-int -Wpointer-arith -Wshorten-64-to-32 -Wwrite-strings -Wold-style-definition -Wmissing-noreturn -Wno-cast-function-type -Wno-constant-logical-operand -Wno-long-long -Wno-missing-field-initializers -Wno-overlength-strings -Wno-parentheses-equality -Wno-self-assign -Wno-tautological-compare -Wno-unused-parameter -Wno-unused-value -Wunused-variable -Wmisleading-indentation -Wundef -fno-common -pipe -arch arm64  -c conftest.c"
In file included from conftest.c:1:
In file included from /Users/mayukai/.rbenv/versions/3.3.5/include/ruby-3.3.0/ruby.h:38:
In file included from /Users/mayukai/.rbenv/versions/3.3.5/include/ruby-3.3.0/ruby/ruby.h:28:
In file included from /Users/mayukai/.rbenv/versions/3.3.5/include/ruby-3.3.0/ruby/internal/arithmetic.h:24:
In file included from /Users/mayukai/.rbenv/versions/3.3.5/include/ruby-3.3.0/ruby/internal/arithmetic/char.h:29:
/Users/mayukai/.rbenv/versions/3.3.5/include/ruby-3.3.0/ruby/internal/core/rstring.h:398:24: warning: default initialization of an object of type 'struct RString' with const member leaves the object uninitialized [-Wdefault-const-init-field-unsafe]
  398 |         struct RString retval;
      |                        ^
/Users/mayukai/.rbenv/versions/3.3.5/include/ruby-3.3.0/ruby/internal/core/rbasic.h:88:17: note: member 'klass' declared 'const' here
   88 |     const VALUE klass;
      |                 ^
conftest.c:6:9: error: unknown type name 'rb_io_mode_t'; did you mean 'rb_io_enc_t'?
    6 | typedef rb_io_mode_t conftest_type;
      |         ^~~~~~~~~~~~
      |         rb_io_enc_t
/Users/mayukai/.rbenv/versions/3.3.5/include/ruby-3.3.0/ruby/io.h:261:31: note: 'rb_io_enc_t' declared here
  261 | typedef struct rb_io_encoding rb_io_enc_t;
      |                               ^
1 warning and 1 error generated.
checked program was:
/* begin */
1: #include "ruby.h"
2: 
3: #include <ruby/io.h>
4: 
5: /*top*/
6: typedef rb_io_mode_t conftest_type;
7: int conftestval[sizeof(conftest_type)?1:-1];
/* end */

--------------------

