current directory: /Users/mayukai/dev/project/yukai-ma.github.io/vendor/bundle/ruby/3.3.0/gems/json-2.13.2/ext/json/ext/parser
/Users/mayukai/.rbenv/versions/3.3.5/bin/ruby extconf.rb
checking for rb_enc_interned_str() in ruby/encoding.h... yes
checking for rb_hash_new_capa() in ruby.h... yes
checking for rb_hash_bulk_insert() in ruby.h... yes
checking for strnlen() in string.h... yes
checking for whether -std=c99 is accepted as CFLAGS... no
checking for arm_neon.h... yes
checking for cpuid.h... no
creating Makefile

current directory: /Users/mayukai/dev/project/yukai-ma.github.io/vendor/bundle/ruby/3.3.0/gems/json-2.13.2/ext/json/ext/parser
make DESTDIR\= sitearchdir\=./.gem.20260619-97110-i99hyj sitelibdir\=./.gem.20260619-97110-i99hyj clean

current directory: /Users/mayukai/dev/project/yukai-ma.github.io/vendor/bundle/ruby/3.3.0/gems/json-2.13.2/ext/json/ext/parser
make DESTDIR\= sitearchdir\=./.gem.20260619-97110-i99hyj sitelibdir\=./.gem.20260619-97110-i99hyj
compiling parser.c
In file included from parser.c:1:
In file included from /Users/mayukai/.rbenv/versions/3.3.5/include/ruby-3.3.0/ruby.h:38:
In file included from /Users/mayukai/.rbenv/versions/3.3.5/include/ruby-3.3.0/ruby/ruby.h:28:
In file included from /Users/mayukai/.rbenv/versions/3.3.5/include/ruby-3.3.0/ruby/internal/arithmetic.h:24:
In file included from /Users/mayukai/.rbenv/versions/3.3.5/include/ruby-3.3.0/ruby/internal/arithmetic/char.h:29:
/Users/mayukai/.rbenv/versions/3.3.5/include/ruby-3.3.0/ruby/internal/core/rstring.h:398:24: warning: default initialization of an object of type 'struct RString' with const member leaves the object uninitialized [-Wdefault-const-init-field-unsafe]
  398 |         struct RString retval;
      |                        ^
/Users/mayukai/.rbenv/versions/3.3.5/include/ruby-3.3.0/ruby/internal/core/rbasic.h:88:17: note: member 'klass' declared 'const' here
   88 |     const VALUE klass;
      |                 ^
1 warning generated.
linking shared-object json/ext/parser.bundle

current directory: /Users/mayukai/dev/project/yukai-ma.github.io/vendor/bundle/ruby/3.3.0/gems/json-2.13.2/ext/json/ext/parser
make DESTDIR\= sitearchdir\=./.gem.20260619-97110-i99hyj sitelibdir\=./.gem.20260619-97110-i99hyj install
/usr/bin/install -c -m 0755 parser.bundle ./.gem.20260619-97110-i99hyj/json/ext

current directory: /Users/mayukai/dev/project/yukai-ma.github.io/vendor/bundle/ruby/3.3.0/gems/json-2.13.2/ext/json/ext/parser
make DESTDIR\= sitearchdir\=./.gem.20260619-97110-i99hyj sitelibdir\=./.gem.20260619-97110-i99hyj clean
