current directory: /Users/mayukai/dev/project/yukai-ma.github.io/vendor/bundle/ruby/3.3.0/gems/http_parser.rb-0.8.0/ext/ruby_http_parser
/Users/mayukai/.rbenv/versions/3.3.5/bin/ruby extconf.rb
creating Makefile

current directory: /Users/mayukai/dev/project/yukai-ma.github.io/vendor/bundle/ruby/3.3.0/gems/http_parser.rb-0.8.0/ext/ruby_http_parser
make DESTDIR\= sitearchdir\=./.gem.20260619-97110-u7erjx sitelibdir\=./.gem.20260619-97110-u7erjx clean

current directory: /Users/mayukai/dev/project/yukai-ma.github.io/vendor/bundle/ruby/3.3.0/gems/http_parser.rb-0.8.0/ext/ruby_http_parser
make DESTDIR\= sitearchdir\=./.gem.20260619-97110-u7erjx sitelibdir\=./.gem.20260619-97110-u7erjx
compiling ruby_http_parser.c
In file included from ruby_http_parser.c:1:
In file included from /Users/mayukai/.rbenv/versions/3.3.5/include/ruby-3.3.0/ruby.h:38:
In file included from /Users/mayukai/.rbenv/versions/3.3.5/include/ruby-3.3.0/ruby/ruby.h:28:
In file included from /Users/mayukai/.rbenv/versions/3.3.5/include/ruby-3.3.0/ruby/internal/arithmetic.h:24:
In file included from /Users/mayukai/.rbenv/versions/3.3.5/include/ruby-3.3.0/ruby/internal/arithmetic/char.h:29:
/Users/mayukai/.rbenv/versions/3.3.5/include/ruby-3.3.0/ruby/internal/core/rstring.h:398:24: warning: default initialization of an object of type 'struct RString' with const member leaves the object uninitialized [-Wdefault-const-init-field-unsafe]
  398 |         struct RString retval;
      |                        ^
/Users/mayukai/.rbenv/versions/3.3.5/include/ruby-3.3.0/ruby/internal/core/rbasic.h:88:17: note: member 'klass' declared 'const' here
   88 |     const VALUE klass;
      |                 ^
ruby_http_parser.c:365:17: warning: comparison of integers of different signs: 'size_t' (aka 'unsigned long') and 'long' [-Wsign-compare]
  365 |     if (nparsed < len)
      |         ~~~~~~~ ^ ~~~
2 warnings generated.
compiling ryah_http_parser.c
linking shared-object ruby_http_parser.bundle

current directory: /Users/mayukai/dev/project/yukai-ma.github.io/vendor/bundle/ruby/3.3.0/gems/http_parser.rb-0.8.0/ext/ruby_http_parser
make DESTDIR\= sitearchdir\=./.gem.20260619-97110-u7erjx sitelibdir\=./.gem.20260619-97110-u7erjx install
/usr/bin/install -c -m 0755 ruby_http_parser.bundle ./.gem.20260619-97110-u7erjx

current directory: /Users/mayukai/dev/project/yukai-ma.github.io/vendor/bundle/ruby/3.3.0/gems/http_parser.rb-0.8.0/ext/ruby_http_parser
make DESTDIR\= sitearchdir\=./.gem.20260619-97110-u7erjx sitelibdir\=./.gem.20260619-97110-u7erjx clean
